Checking the license for package Android SDK Build-Tools 34 in /Users/vithea/Library/Android/sdk/licenses
License for package Android SDK Build-Tools 34 accepted.
Preparing "Install Android SDK Build-Tools 34 v.34.0.0".
"Install Android SDK Build-Tools 34 v.34.0.0" ready.
Installing Android SDK Build-Tools 34 in /Users/vithea/Library/Android/sdk/build-tools/34.0.0
"Install Android SDK Build-Tools 34 v.34.0.0" complete.
"Install Android SDK Build-Tools 34 v.34.0.0" finished.
> Task :app:preBuild UP-TO-DATE
> Task :app:preDebugBuild UP-TO-DATE
> Task :app:mergeDebugNativeDebugMetadata NO-SOURCE
> Task :app:javaPreCompileDebug
> Task :app:generateDebugResValues
> Task :app:checkDebugAarMetadata FAILED
> Task :app:mapDebugSourceSetPaths

[Incubating] Problems report is available at: file:///Users/vithea/Downloads/Expense%20Tracker%20app%20Java%207/build/reports/problems/problems-report.html

FAILURE: Build failed with an exception.

* What went wrong:
Execution failed for task ':app:checkDebugAarMetadata'.
> A failure occurred while executing com.android.build.gradle.internal.tasks.CheckAarMetadataWorkAction
   > 4 issues were found when checking AAR metadata:
     
       1.  Dependency 'androidx.activity:activity:1.12.2' requires libraries and applications that
           depend on it to compile against version 36 or later of the
           Android APIs.
     
           :app is currently compiled against android-35.
     
           Also, the maximum recommended compile SDK version for Android Gradle
           plugin 8.7.0 is 35.
     
           Recommended action: Update this project's version of the Android Gradle
           plugin to one that supports 36, then update this project to use
           compileSdk of at least 36.
     
           Note that updating a library or application's compileSdk (which
           allows newer APIs to be used) can be done separately from updating
           targetSdk (which opts the app in to new runtime behavior) and
           minSdk (which determines which devices the app can be installed
           on).
     
       2.  Dependency 'androidx.activity:activity:1.12.2' requires Android Gradle plugin 8.9.1 or higher.
     
           This build currently uses Android Gradle plugin 8.7.0.
     
       3.  Dependency 'androidx.navigationevent:navigationevent-android:1.0.1' requires libraries and applications that
           depend on it to compile against version 36 or later of the
           Android APIs.
     
           :app is currently compiled against android-35.
     
           Also, the maximum recommended compile SDK version for Android Gradle
           plugin 8.7.0 is 35.
     
           Recommended action: Update this project's version of the Android Gradle
           plugin to one that supports 36, then update this project to use
           compileSdk of at least 36.
     
           Note that updating a library or application's compileSdk (which
           allows newer APIs to be used) can be done separately from updating
           targetSdk (which opts the app in to new runtime behavior) and
           minSdk (which determines which devices the app can be installed
           on).
     
       4.  Dependency 'androidx.navigationevent:navigationevent-android:1.0.1' requires Android Gradle plugin 8.9.1 or higher.
     
           This build currently uses Android Gradle plugin 8.7.0.

* Try:
> Run with --stacktrace option to get the stack trace.
> Run with --info or --debug option to get more log output.
> Run with --scan to generate a Build Scan (Powered by Develocity).
> Get more help at https://help.gradle.org.

Deprecated Gradle features were used in this build, making it incompatible with Gradle 10.

You can use '--warning-mode all' to show the individual deprecation warnings and determine if they come from your own scripts or plugins.

For more on this, please refer to https://docs.gradle.org/9.1.0/userguide/command_line_interface.html#sec:command_line_warnings in the Gradle documentation.

BUILD FAILED in 29s
4 actionable tasks: 4 executed
